Copyright 1986-2019 Xilinx, Inc. All Rights Reserved.
----------------------------------------------------------------------------------------------------------------------------------------------------------------------
| Tool Version     : Vivado v.2019.2 (lin64) Build 2708876 Wed Nov  6 21:39:14 MST 2019
| Date             : Wed Nov  8 17:38:31 2023
| Host             : bioeebeanie.bioeelocal running 64-bit Red Hat Enterprise Linux Server release 7.9 (Maipo)
| Command          : report_power -file design_1_wrapper_power_routed.rpt -pb design_1_wrapper_power_summary_routed.pb -rpx design_1_wrapper_power_routed.rpx
| Design           : design_1_wrapper
| Device           : xc7k410tffg676-1
| Design State     : routed
| Grade            : commercial
| Process          : typical
| Characterization : Production
----------------------------------------------------------------------------------------------------------------------------------------------------------------------

Power Report

Table of Contents
-----------------
1. Summary
1.1 On-Chip Components
1.2 Power Supply Summary
1.3 Confidence Level
2. Settings
2.1 Environment
2.2 Clock Constraints
3. Detailed Reports
3.1 By Hierarchy

1. Summary
----------

+--------------------------+--------------+
| Total On-Chip Power (W)  | 1.091        |
| Design Power Budget (W)  | Unspecified* |
| Power Budget Margin (W)  | NA           |
| Dynamic (W)              | 0.878        |
| Device Static (W)        | 0.213        |
| Effective TJA (C/W)      | 1.9          |
| Max Ambient (C)          | 83.0         |
| Junction Temperature (C) | 27.0         |
| Confidence Level         | Low          |
| Setting File             | ---          |
| Simulation Activity File | ---          |
| Design Nets Matched      | NA           |
+--------------------------+--------------+
* Specify Design Power Budget using, set_operating_conditions -design_power_budget <value in Watts>


1.1 On-Chip Components
----------------------

+--------------------------+-----------+----------+-----------+-----------------+
| On-Chip                  | Power (W) | Used     | Available | Utilization (%) |
+--------------------------+-----------+----------+-----------+-----------------+
| Clocks                   |     0.013 |       23 |       --- |             --- |
| Slice Logic              |     0.019 |    17518 |       --- |             --- |
|   LUT as Logic           |     0.012 |     5747 |    254200 |            2.26 |
|   LUT as Distributed RAM |     0.003 |      761 |     90600 |            0.84 |
|   LUT as Shift Register  |     0.001 |      377 |     90600 |            0.42 |
|   Register               |     0.001 |     8247 |    508400 |            1.62 |
|   CARRY4                 |    <0.001 |      370 |     63550 |            0.58 |
|   F7/F8 Muxes            |    <0.001 |       93 |    254200 |            0.04 |
|   BUFG                   |    <0.001 |        2 |        32 |            6.25 |
|   Others                 |     0.000 |      677 |       --- |             --- |
|   BUFR                   |     0.000 |        2 |       208 |            0.96 |
| Signals                  |     0.027 |    14067 |       --- |             --- |
| Block RAM                |     0.003 |       10 |       795 |            1.26 |
| MMCM                     |     0.106 |        1 |        10 |           10.00 |
| I/O                      |     0.100 |       50 |       400 |           12.50 |
| GTX                      |     0.610 |        4 |         8 |           50.00 |
| Static Power             |     0.213 |          |           |                 |
| Total                    |     1.091 |          |           |                 |
+--------------------------+-----------+----------+-----------+-----------------+


1.2 Power Supply Summary
------------------------

+-----------+-------------+-----------+-------------+------------+
| Source    | Voltage (V) | Total (A) | Dynamic (A) | Static (A) |
+-----------+-------------+-----------+-------------+------------+
| Vccint    |       1.000 |     0.170 |       0.074 |      0.096 |
| Vccaux    |       1.800 |     0.094 |       0.061 |      0.033 |
| Vcco33    |       3.300 |     0.001 |       0.000 |      0.001 |
| Vcco25    |       2.500 |     0.035 |       0.034 |      0.001 |
| Vcco18    |       1.800 |     0.005 |       0.004 |      0.001 |
| Vcco15    |       1.500 |     0.000 |       0.000 |      0.000 |
| Vcco135   |       1.350 |     0.000 |       0.000 |      0.000 |
| Vcco12    |       1.200 |     0.000 |       0.000 |      0.000 |
| Vccaux_io |       1.800 |     0.000 |       0.000 |      0.000 |
| Vccbram   |       1.000 |     0.003 |       0.000 |      0.003 |
| MGTAVcc   |       1.000 |     0.254 |       0.250 |      0.004 |
| MGTAVtt   |       1.200 |     0.297 |       0.292 |      0.005 |
| MGTVccaux |       1.800 |     0.000 |       0.000 |      0.000 |
| Vccadc    |       1.800 |     0.020 |       0.000 |      0.020 |
+-----------+-------------+-----------+-------------+------------+


1.3 Confidence Level
--------------------

+-----------------------------+------------+--------------------------------------------------------+--------------------------------------------------------------------------------------------------------------------+
| User Input Data             | Confidence | Details                                                | Action                                                                                                             |
+-----------------------------+------------+--------------------------------------------------------+--------------------------------------------------------------------------------------------------------------------+
| Design implementation state | High       | Design is routed                                       |                                                                                                                    |
| Clock nodes activity        | Low        | User specified less than 75% of clocks                 | Provide missing clock activity with a constraint file, simulation results or by editing the "By Clock Domain" view |
| I/O nodes activity          | Low        | More than 75% of inputs are missing user specification | Provide missing input activity with simulation results or by editing the "By Resource Type -> I/Os" view           |
| Internal nodes activity     | Medium     | User specified less than 25% of internal nodes         | Provide missing internal nodes activity with simulation results or by editing the "By Resource Type" views         |
| Device models               | High       | Device models are Production                           |                                                                                                                    |
|                             |            |                                                        |                                                                                                                    |
| Overall confidence level    | Low        |                                                        |                                                                                                                    |
+-----------------------------+------------+--------------------------------------------------------+--------------------------------------------------------------------------------------------------------------------+


2. Settings
-----------

2.1 Environment
---------------

+-----------------------+--------------------------+
| Ambient Temp (C)      | 25.0                     |
| ThetaJA (C/W)         | 1.9                      |
| Airflow (LFM)         | 250                      |
| Heat Sink             | medium (Medium Profile)  |
| ThetaSA (C/W)         | 3.4                      |
| Board Selection       | medium (10"x10")         |
| # of Board Layers     | 12to15 (12 to 15 Layers) |
| Board Temperature (C) | 25.0                     |
+-----------------------+--------------------------+


2.2 Clock Constraints
---------------------

+--------------------------------------------------------------------------------------------+----------------------------------------------------------------------+-----------------+
| Clock                                                                                      | Domain                                                               | Constraint (ns) |
+--------------------------------------------------------------------------------------------+----------------------------------------------------------------------+-----------------+
| dbg_hub/inst/BSCANID.u_xsdbm_id/SWITCH_N_EXT_BSCAN.bscan_inst/SERIES7_BSCAN.bscan_inst/TCK | dbg_hub/inst/BSCANID.u_xsdbm_id/SWITCH_N_EXT_BSCAN.bscan_inst/tck_bs |            33.0 |
| mmcm0_clk0                                                                                 | design_1_i/frontpanel_0/inst/okHI/mmcm0_clk0                         |             9.9 |
| mmcm0_clkfb                                                                                | design_1_i/frontpanel_0/inst/okHI/mmcm0_clkfb                        |             9.9 |
| okUH0                                                                                      | host_interface_okuh[0]                                               |             9.9 |
+--------------------------------------------------------------------------------------------+----------------------------------------------------------------------+-----------------+


3. Detailed Reports
-------------------

3.1 By Hierarchy
----------------

+--------------------------+-----------+
| Name                     | Power (W) |
+--------------------------+-----------+
| design_1_wrapper         |     0.878 |
|   dbg_hub                |     0.002 |
|     inst                 |     0.002 |
|       BSCANID.u_xsdbm_id |     0.002 |
|   design_1_i             |     0.876 |
|     frontpanel_0         |     0.135 |
|       inst               |     0.135 |
|     ila_0                |     0.007 |
|       inst               |     0.007 |
|     jesd204_0            |     0.643 |
|       inst               |     0.643 |
|     util_ds_buf_0        |     0.002 |
|       U0                 |     0.002 |
|     util_ds_buf_1        |     0.039 |
|       U0                 |     0.039 |
|     util_ds_buf_2        |     0.047 |
|       U0                 |     0.047 |
|     util_ds_buf_3        |     0.002 |
|       U0                 |     0.002 |
+--------------------------+-----------+


